Title
Simple index <p>This is a test mark down <em>file</em>.</p>