Title
Simple index <p>This is a test mark down <em>file</em>.</p>
<p>This is the <em>footer</em>!</p>