<!DOCTYPE html>
<html lang="en">
<head>
  <meta charset="utf-8">
  <title>Test Page</title>
</head>

<body>
<h1>Header</h1>
<div class="paragraph">
<p>Doc1 This is a test <strong>file</strong>.</p>
<p>jsonTestValue1</p>
<h1>Footer</h1>
</div>
</body>
</html>
