<!DOCTYPE html>
<html lang="en">
<head>
  <meta charset="utf-8">
  <title>Test Page</title>
</head>

<body>
<h1>Header</h1>
<div class="paragraph">
<p>Doc2 This is a test <strong>file</strong>.</p>
</div>
<p>jsonTestValue2</p>
<p>override for json default test</p>
<h1>Footer</h1>
<p>testTemplateVariable</p>
</body>
</html>
